[    0.000000] Initializing cgroup subsys cpuset
[    0.000000] Initializing cgroup subsys cpu
[    0.000000] Initializing cgroup subsys cpuacct
[    0.000000] Linux version 4.4.0-210-generic (buildd@lgw01-amd64-009) (gcc version 5.4.0 20160609 (Ubuntu 5.4.0-6ubuntu1~16.04.12) ) #242-Ubuntu SMP Fri Apr 16 09:57:56 UTC 2021 (Ubuntu 4.4.0-210.242-generic 4.4.262)
[    0.000000] Command line: BOOT_IMAGE=/boot/vmlinuz-4.4.0-210-generic root=LABEL=cloudimg-rootfs ro console=tty1 console=ttyS0
[    0.000000] KERNEL supported cpus:
[    0.000000]   Intel GenuineIntel
[    0.000000]   AMD AuthenticAMD
[    0.000000]   Centaur CentaurHauls
[    0.000000] x86/fpu: xstate_offset[2]:  576, xstate_sizes[2]:  256
[    0.000000] x86/fpu: Supporting XSAVE feature 0x01: 'x87 floating point registers'
[    0.000000] x86/fpu: Supporting XSAVE feature 0x02: 'SSE registers'
[    0.000000] x86/fpu: Supporting XSAVE feature 0x04: 'AVX registers'
[    0.000000] x86/fpu: Enabled xstate features 0x7, context size is 832 bytes, using 'standard' format.
[    0.000000] e820: BIOS-provided physical RAM map:
[    0.000000] BIOS-e820: [mem 0x0000000000000000-0x000000000009fbff] usable
[    0.000000] BIOS-e820: [mem 0x000000000009fc00-0x000000000009ffff] reserved
[    0.000000] BIOS-e820: [mem 0x00000000000f0000-0x00000000000fffff] reserved
[    0.000000] BIOS-e820: [mem 0x0000000000100000-0x000000003ffeffff] usable
[    0.000000] BIOS-e820: [mem 0x000000003fff0000-0x000000003fffffff] ACPI data
[    0.000000] BIOS-e820: [mem 0x00000000fec00000-0x00000000fec00fff] reserved
[    0.000000] BIOS-e820: [mem 0x00000000fee00000-0x00000000fee00fff] reserved
[    0.000000] BIOS-e820: [mem 0x00000000fffc0000-0x00000000ffffffff] reserved
[    0.000000] NX (Execute Disable) protection: active
[    0.000000] SMBIOS 2.5 present.
[    0.000000] Hypervisor detected: KVM
[    0.000000] e820: last_pfn = 0x3fff0 max_arch_pfn = 0x400000000
[    0.000000] MTRR: Disabled
[    0.000000] x86/PAT: MTRRs disabled, skipping PAT initialization too.
[    0.000000] CPU MTRRs all blank - virtualized system.
[    0.000000] x86/PAT: Configuration [0-7]: WB  WT  UC- UC  WB  WT  UC- UC  
[    0.000000] found SMP MP-table at [mem 0x0009fff0-0x0009ffff] mapped at [ffff88000009fff0]
[    0.000000] Scanning 1 areas for low memory corruption
[    0.000000] RAMDISK: [mem 0x362dc000-0x37165fff]
[    0.000000] ACPI: Early table checksum verification disabled
[    0.000000] ACPI: RSDP 0x00000000000E0000 000024 (v02 VBOX  )
[    0.000000] ACPI: XSDT 0x000000003FFF0030 00003C (v01 VBOX   VBOXXSDT 00000001 ASL  00000061)
[    0.000000] ACPI: FACP 0x000000003FFF00F0 0000F4 (v04 VBOX   VBOXFACP 00000001 ASL  00000061)
[    0.000000] ACPI: DSDT 0x000000003FFF0470 002325 (v02 VBOX   VBOXBIOS 00000002 INTL 20120111)
[    0.000000] ACPI: FACS 0x000000003FFF0200 000040
[    0.000000] ACPI: FACS 0x000000003FFF0200 000040
[    0.000000] ACPI: APIC 0x000000003FFF0240 00005C (v02 VBOX   VBOXAPIC 00000001 ASL  00000061)
[    0.000000] ACPI: SSDT 0x000000003FFF02A0 0001CC (v01 VBOX   VBOXCPUT 00000002 INTL 20120111)
[    0.000000] No NUMA configuration found
[    0.000000] Faking a node at [mem 0x0000000000000000-0x000000003ffeffff]
[    0.000000] NODE_DATA(0) allocated [mem 0x3ffeb000-0x3ffeffff]
[    0.000000] kvm-clock: Using msrs 4b564d01 and 4b564d00
[    0.000000] kvm-clock: cpu 0, msr 0:3ffe3001, primary cpu clock
[    0.000000] kvm-clock: using sched offset of 4555660277 cycles
[    0.000000] clocksource: kvm-clock: mask: 0xffffffffffffffff max_cycles: 0x1cd42e4dffb, max_idle_ns: 881590591483 ns
[    0.000000] Zone ranges:
[    0.000000]   DMA      [mem 0x0000000000001000-0x0000000000ffffff]
[    0.000000]   DMA32    [mem 0x0000000001000000-0x000000003ffeffff]
[    0.000000]   Normal   empty
[    0.000000]   Device   empty
[    0.000000] Movable zone start for each node
[    0.000000] Early memory node ranges
[    0.000000]   node   0: [mem 0x0000000000001000-0x000000000009efff]
[    0.000000]   node   0: [mem 0x0000000000100000-0x000000003ffeffff]
[    0.000000] Initmem setup node 0 [mem 0x0000000000001000-0x000000003ffeffff]
[    0.000000] ACPI: PM-Timer IO Port: 0x4008
[    0.000000] IOAPIC[0]: apic_id 2, version 32, address 0xfec00000, GSI 0-23
[    0.000000] ACPI: INT_SRC_OVR (bus 0 bus_irq 0 global_irq 2 dfl dfl)
[    0.000000] ACPI: INT_SRC_OVR (bus 0 bus_irq 9 global_irq 9 low level)
[    0.000000] Using ACPI (MADT) for SMP configuration information
[    0.000000] smpboot: Allowing 2 CPUs, 0 hotplug CPUs
[    0.000000] PM: Registered nosave memory: [mem 0x00000000-0x00000fff]
[    0.000000] PM: Registered nosave memory: [mem 0x0009f000-0x0009ffff]
[    0.000000] PM: Registered nosave memory: [mem 0x000a0000-0x000effff]
[    0.000000] PM: Registered nosave memory: [mem 0x000f0000-0x000fffff]
[    0.000000] e820: [mem 0x40000000-0xfebfffff] available for PCI devices
[    0.000000] Booting paravirtualized kernel on KVM
[    0.000000] clocksource: refined-jiffies: mask: 0xffffffff max_cycles: 0xffffffff, max_idle_ns: 7645519600211568 ns
[    0.000000] setup_percpu: NR_CPUS:512 nr_cpumask_bits:512 nr_cpu_ids:2 nr_node_ids:1
[    0.000000] PERCPU: Embedded 33 pages/cpu @ffff88003fc00000 s95192 r8192 d31784 u1048576
[    0.000000] Built 1 zonelists in Node order, mobility grouping on.  Total pages: 257912
[    0.000000] Policy zone: DMA32
[    0.000000] Kernel command line: BOOT_IMAGE=/boot/vmlinuz-4.4.0-210-generic root=LABEL=cloudimg-rootfs ro console=tty1 console=ttyS0
[    0.000000] PID hash table entries: 4096 (order: 3, 32768 bytes)
[    0.000000] Memory: 997792K/1048120K available (8644K kernel code, 1332K rwdata, 4044K rodata, 1492K init, 1164K bss, 50328K reserved, 0K cma-reserved)
[    0.000000] SLUB: HWalign=64, Order=0-3, MinObjects=0, CPUs=2, Nodes=1
[    0.000000] Kernel/User page tables isolation: enabled
[    0.000000] Hierarchical RCU implementation.
[    0.000000] 	Build-time adjustment of leaf fanout to 64.
[    0.000000] 	RCU restricting CPUs from NR_CPUS=512 to nr_cpu_ids=2.
[    0.000000] RCU: Adjusting geometry for rcu_fanout_leaf=64, nr_cpu_ids=2
[    0.000000] NR_IRQS:33024 nr_irqs:440 16
[    0.000000] Console: colour VGA+ 80x25
[    0.000000] console [tty1] enabled
[    0.000000] console [ttyS0] enabled
[    0.000000] tsc: Detected 1607.999 MHz processor
[    0.244702] Calibrating delay loop (skipped) preset value.. 3215.99 BogoMIPS (lpj=6431996)
[    0.248084] pid_max: default: 32768 minimum: 301
[    0.249545] ACPI: Core revision 20150930
[    0.251888] ACPI: 2 ACPI AML tables successfully acquired and loaded
[    0.257703] Security Framework initialized
[    0.259491] Yama: becoming mindful.
[    0.260739] AppArmor: AppArmor initialized
[    0.262176] Dentry cache hash table entries: 131072 (order: 8, 1048576 bytes)
[    0.266078] Inode-cache hash table entries: 65536 (order: 7, 524288 bytes)
[    0.268499] Mount-cache hash table entries: 2048 (order: 2, 16384 bytes)
[    0.273187] Mountpoint-cache hash table entries: 2048 (order: 2, 16384 bytes)
[    0.275957] Initializing cgroup subsys io
[    0.277331] Initializing cgroup subsys memory
[    0.278733] Initializing cgroup subsys devices
[    0.280229] Initializing cgroup subsys freezer
[    0.282053] Initializing cgroup subsys net_cls
[    0.286932] Initializing cgroup subsys perf_event
[    0.294061] Initializing cgroup subsys net_prio
[    0.298251] Initializing cgroup subsys hugetlb
[    0.307026] Initializing cgroup subsys pids
[    0.344687] mce: CPU supports 0 MCE banks
[    0.349644] Last level iTLB entries: 4KB 64, 2MB 8, 4MB 8
[    0.352919] Last level dTLB entries: 4KB 64, 2MB 0, 4MB 0, 1GB 4
[    0.360972] Spectre V1 : Mitigation: usercopy/swapgs barriers and __user pointer sanitization
[    0.367017] Spectre V2 : Mitigation: Full generic retpoline
[    0.372395] Spectre V2 : Spectre v2 / SpectreRSB mitigation: Filling RSB on context switch
[    0.380608] Speculative Store Bypass: Vulnerable
[    0.383716] SRBDS: Unknown: Dependent on hypervisor status
[    0.387518] MDS: Mitigation: Clear CPU buffers
[    0.401962] Freeing SMP alternatives memory: 36K
[    0.421486] ftrace: allocating 32380 entries in 127 pages
[    0.507759] smpboot: APIC(0) Converting physical 0 to logical package 0
[    0.510692] smpboot: Max logical packages: 1
[    0.513858] x2apic enabled
[    0.514959] Switched APIC routing to physical x2apic.
[    0.517583] ..TIMER: vector=0x30 apic1=0 pin1=2 apic2=-1 pin2=-1
[    0.628121] smpboot: CPU0: Intel(R) Core(TM) i5-8210Y CPU @ 1.60GHz (family: 0x6, model: 0x8e, stepping: 0x9)
[    0.631946] Performance Events: unsupported p6 CPU model 142 no PMU driver, software events only.
[    0.646867] KVM setup paravirtual spinlock
[    0.650101] x86: Booting SMP configuration:
[    0.651748] .... node  #0, CPUs:      #1
[    0.656715] kvm-clock: cpu 1, msr 0:3ffe3041, secondary cpu clock
[    0.678073] mce: CPU supports 0 MCE banks
[    0.692804] x86: Booted up 1 node, 2 CPUs
[    0.694800] smpboot: Total of 2 processors activated (6431.99 BogoMIPS)
[    0.698797] devtmpfs: initialized
[    0.702133] evm: security.selinux
[    0.703551] evm: security.SMACK64
[    0.706062] evm: security.SMACK64EXEC
[    0.707606] evm: security.SMACK64TRANSMUTE
[    0.709503] evm: security.SMACK64MMAP
[    0.710882] evm: security.ima
[    0.711955] evm: security.capability
[    0.713906] clocksource: jiffies: mask: 0xffffffff max_cycles: 0xffffffff, max_idle_ns: 7645041785100000 ns
[    0.716892] futex hash table entries: 512 (order: 3, 32768 bytes)
[    0.719655] pinctrl core: initialized pinctrl subsystem
[    0.724743] RTC time: 13:34:08, date: 10/28/22
[    0.727065] NET: Registered protocol family 16
[    0.740923] cpuidle: using governor ladder
[    0.753058] cpuidle: using governor menu
[    0.763755] PCCT header not found.
[    0.765537] ACPI: bus type PCI registered
[    0.767860] acpiphp: ACPI Hot Plug PCI Controller Driver version: 0.5
[    0.772059] PCI: Using configuration type 1 for base access
[    0.790854] ACPI: Added _OSI(Module Device)
[    0.792773] ACPI: Added _OSI(Processor Device)
[    0.794268] ACPI: Added _OSI(3.0 _SCP Extensions)
[    0.795815] ACPI: Added _OSI(Processor Aggregator Device)
[    0.798835] ACPI: Executed 1 blocks of module-level executable AML code
[    0.804538] ACPI: Interpreter enabled
[    0.806468] ACPI: (supports S0 S5)
[    0.808159] ACPI: Using IOAPIC for interrupt routing
[    0.810124] PCI: Using host bridge windows from ACPI; if necessary, use "pci=nocrs" and report a bug
[    0.818453] ACPI: PCI Root Bridge [PCI0] (domain 0000 [bus 00-ff])
[    0.822473] acpi PNP0A03:00: _OSC: OS supports [ASPM ClockPM Segments MSI]
[    0.828263] acpi PNP0A03:00: _OSC: not requesting OS control; OS requires [ExtendedConfig ASPM ClockPM MSI]
[    0.832068] acpi PNP0A03:00: fail to add MMCONFIG information, can't access extended PCI configuration space under this bridge.
[    0.835975] PCI host bridge to bus 0000:00
[    0.837326] pci_bus 0000:00: root bus resource [io  0x0000-0x0cf7 window]
[    0.839874] pci_bus 0000:00: root bus resource [io  0x0d00-0xffff window]
[    0.842297] pci_bus 0000:00: root bus resource [mem 0x000a0000-0x000bffff window]
[    0.844498] pci_bus 0000:00: root bus resource [mem 0x40000000-0xfdffffff window]
[    0.847829] pci_bus 0000:00: root bus resource [bus 00-ff]
[    0.852402] pci 0000:00:01.1: legacy IDE quirk: reg 0x10: [io  0x01f0-0x01f7]
[    0.859049] pci 0000:00:01.1: legacy IDE quirk: reg 0x14: [io  0x03f6]
[    0.861141] pci 0000:00:01.1: legacy IDE quirk: reg 0x18: [io  0x0170-0x0177]
[    0.873953] pci 0000:00:01.1: legacy IDE quirk: reg 0x1c: [io  0x0376]
[    0.896982] pci 0000:00:07.0: quirk: [io  0x4000-0x403f] claimed by PIIX4 ACPI
[    0.899808] pci 0000:00:07.0: quirk: [io  0x4100-0x410f] claimed by PIIX4 SMB
[    0.913905] ACPI: PCI Interrupt Link [LNKA] (IRQs 5 9 10 *11)
[    0.916586] ACPI: PCI Interrupt Link [LNKB] (IRQs 5 9 *10 11)
[    0.919773] ACPI: PCI Interrupt Link [LNKC] (IRQs 5 *9 10 11)
[    0.926441] ACPI: PCI Interrupt Link [LNKD] (IRQs 5 9 10 *11)
[    0.929379] ACPI: Enabled 2 GPEs in block 00 to 07
[    0.932060] vgaarb: setting as boot device: PCI:0000:00:02.0
[    0.934139] vgaarb: device added: PCI:0000:00:02.0,decodes=io+mem,owns=io+mem,locks=none
[    0.936599] vgaarb: loaded
[    0.938239] vgaarb: bridge control possible 0000:00:02.0
[    0.940201] SCSI subsystem initialized
[    0.941588] ACPI: bus type USB registered
[    0.942863] usbcore: registered new interface driver usbfs
[    0.944465] usbcore: registered new interface driver hub
[    0.946570] usbcore: registered new device driver usb
[    0.950310] PCI: Using ACPI for IRQ routing
[    0.952646] NetLabel: Initializing
[    0.958088] NetLabel:  domain hash size = 128
[    0.959859] NetLabel:  protocols = UNLABELED CIPSOv4
[    0.961951] NetLabel:  unlabeled traffic allowed by default
[    0.964389] amd_nb: Cannot enumerate AMD northbridges
[    0.966602] clocksource: Switched to clocksource kvm-clock
[    0.977743] AppArmor: AppArmor Filesystem Enabled
[    0.980001] pnp: PnP ACPI init
[    0.982630] pnp: PnP ACPI: found 3 devices
[    0.996387] clocksource: acpi_pm: mask: 0xffffff max_cycles: 0xffffff, max_idle_ns: 2085701024 ns
[    1.000118] NET: Registered protocol family 2
[    1.001746] TCP established hash table entries: 8192 (order: 4, 65536 bytes)
[    1.003812] TCP bind hash table entries: 8192 (order: 5, 131072 bytes)
[    1.006830] TCP: Hash tables configured (established 8192 bind 8192)
[    1.008777] UDP hash table entries: 512 (order: 2, 16384 bytes)
[    1.010417] UDP-Lite hash table entries: 512 (order: 2, 16384 bytes)
[    1.012249] NET: Registered protocol family 1
[    1.013565] pci 0000:00:00.0: Limiting direct PCI/PCI transfers
[    1.015355] pci 0000:00:01.0: Activating ISA DMA hang workarounds
[    1.018132] Unpacking initramfs...
[    1.365884] Freeing initrd memory: 14888K
[    1.367834] clocksource: tsc: mask: 0xffffffffffffffff max_cycles: 0x172da94f0e2, max_idle_ns: 440795278248 ns
[    1.371489] platform rtc_cmos: registered platform RTC device (no PNP device found)
[    1.374314] Scanning for low memory corruption every 60 seconds
[    1.376442] audit: initializing netlink subsys (disabled)
[    1.377988] audit: type=2000 audit(1666964055.008:1): initialized
[    1.380522] Initialise system trusted keyring
[    1.382085] HugeTLB registered 2 MB page size, pre-allocated 0 pages
[    1.385074] zbud: loaded
[    1.386439] VFS: Disk quotas dquot_6.6.0
[    1.393195] VFS: Dquot-cache hash table entries: 512 (order 0, 4096 bytes)
[    1.396336] squashfs: version 4.0 (2009/01/31) Phillip Lougher
[    1.399819] fuse init (API version 7.23)
[    1.401745] Key type big_key registered
[    1.403044] Allocating IMA MOK and blacklist keyrings.
[    1.406204] Key type asymmetric registered
[    1.407993] Asymmetric key parser 'x509' registered
[    1.409525] Block layer SCSI generic (bsg) driver version 0.4 loaded (major 249)
[    1.411989] io scheduler noop registered
[    1.413344] io scheduler deadline registered (default)
[    1.415146] io scheduler cfq registered
[    1.416993] pci_hotplug: PCI Hot Plug PCI Core version: 0.5
[    1.419355] pciehp: PCI Express Hot Plug Controller Driver version: 0.4
[    1.425995] ACPI: AC Adapter [AC] (off-line)
[    1.428560] input: Power Button as /devices/LNXSYSTM:00/LNXPWRBN:00/input/input0
[    1.431831] ACPI: Power Button [PWRF]
[    1.433190] input: Sleep Button as /devices/LNXSYSTM:00/LNXSLPBN:00/input/input1
[    1.436316] ACPI: Sleep Button [SLPF]
[    1.440649] ACPI: Battery Slot [BAT0] (battery present)
[    1.443341] GHES: HEST is not enabled!
[    1.445248] Serial: 8250/16550 driver, 32 ports, IRQ sharing enabled
[    1.469998] 00:02: ttyS0 at I/O 0x3f8 (irq = 4, base_baud = 115200) is a 16550A
[    1.477945] Linux agpgart interface v0.103
[    1.482539] loop: module loaded
[    1.484870] scsi host0: ata_piix
[    1.494912] scsi host1: ata_piix
[    1.496972] ata1: PATA max UDMA/33 cmd 0x1f0 ctl 0x3f6 bmdma 0xd000 irq 14
[    1.501678] ata2: PATA max UDMA/33 cmd 0x170 ctl 0x376 bmdma 0xd008 irq 15
[    1.509511] libphy: Fixed MDIO Bus: probed
[    1.513106] tun: Universal TUN/TAP device driver, 1.6
[    1.515967] tun: (C) 1999-2004 Max Krasnyansky <maxk@qualcomm.com>
[    1.520277] PPP generic driver version 2.4.2
[    1.526019] ehci_hcd: USB 2.0 'Enhanced' Host Controller (EHCI) Driver
[    1.530736] ehci-pci: EHCI PCI platform driver
[    1.533373] ehci-platform: EHCI generic platform driver
[    1.536612] ohci_hcd: USB 1.1 'Open' Host Controller (OHCI) Driver
[    1.543020] ohci-pci: OHCI PCI platform driver
[    1.548381] ohci-platform: OHCI generic platform driver
[    1.553940] uhci_hcd: USB Universal Host Controller Interface driver
[    1.570692] i8042: PNP: PS/2 Controller [PNP0303:PS2K,PNP0f03:PS2M] at 0x60,0x64 irq 1,12
[    1.591352] serio: i8042 KBD port at 0x60,0x64 irq 1
[    1.595498] serio: i8042 AUX port at 0x60,0x64 irq 12
[    1.598562] mousedev: PS/2 mouse device common for all mice
[    1.605365] input: AT Translated Set 2 keyboard as /devices/platform/i8042/serio0/input/input2
[    1.631631] rtc_cmos rtc_cmos: rtc core: registered rtc_cmos as rtc0
[    1.636413] rtc_cmos rtc_cmos: alarms up to one day, 114 bytes nvram
[    1.641084] i2c /dev entries driver
[    1.643773] device-mapper: uevent: version 1.0.3
[    1.646906] device-mapper: ioctl: 4.34.0-ioctl (2015-10-28) initialised: dm-devel@redhat.com
[    1.653031] ledtrig-cpu: registered to indicate activity on CPUs
[    1.662467] NET: Registered protocol family 10
[    1.695577] NET: Registered protocol family 17
[    1.698860] Key type dns_resolver registered
[    1.701915] registered taskstats version 1
[    1.703968] Loading compiled-in X.509 certificates
[    1.707659] Loaded X.509 cert 'Build time autogenerated kernel key: cf00e047681d67edb2720680708b7d9498083038'
[    1.712160] zswap: loaded using pool lzo/zbud
[    1.715828] Key type trusted registered
[    1.724665] Key type encrypted registered
[    1.726570] AppArmor: AppArmor sha1 policy hashing enabled
[    1.728896] ima: No TPM chip found, activating TPM-bypass!
[    1.730700] ima: Allocated hash algorithm: sha1
[    1.732495] evm: HMAC attrs: 0x1
[    1.733996]   Magic number: 10:537:585
[    1.735478] rtc_cmos rtc_cmos: setting system clock to 2022-10-28 13:34:09 UTC (1666964049)
[    1.739991] BIOS EDD facility v0.16 2004-Jun-25, 0 devices found
[    1.743042] EDD information not available.
[    1.747124] Freeing unused kernel memory: 1492K
[    1.758981] Write protecting the kernel read-only data: 14336k
[    1.761764] Freeing unused kernel memory: 1584K
[    1.763973] Freeing unused kernel memory: 52K
Loading, please wait...
starting version 229
[    1.782845] random: systemd-udevd: uninitialized urandom read (16 bytes read, 5 bits of entropy available)
[    1.783140] random: udevadm: uninitialized urandom read (16 bytes read, 5 bits of entropy available)
[    1.783175] random: udevadm: uninitialized urandom read (16 bytes read, 5 bits of entropy available)
[    1.796508] random: udevadm: uninitialized urandom read (16 bytes read, 5 bits of entropy available)
[    1.796572] random: udevadm: uninitialized urandom read (16 bytes read, 5 bits of entropy available)
[    1.796735] random: udevadm: uninitialized urandom read (16 bytes read, 5 bits of entropy available)
[    1.796803] random: udevadm: uninitialized urandom read (16 bytes read, 5 bits of entropy available)
[    1.796867] random: udevadm: uninitialized urandom read (16 bytes read, 5 bits of entropy available)
[    1.796933] random: udevadm: uninitialized urandom read (16 bytes read, 5 bits of entropy available)
[    1.796996] random: udevadm: uninitialized urandom read (16 bytes read, 5 bits of entropy available)
[    1.892074] e1000: Intel(R) PRO/1000 Network Driver - version 7.3.21-k8-NAPI
[    1.903804] e1000: Copyright (c) 1999-2006 Intel Corporation.
[    1.917591] Fusion MPT base driver 3.04.20
[    1.920053] Copyright (c) 1999-2008 LSI Corporation
[    1.937919] AVX2 version of gcm_enc/dec engaged.
[    1.942026] AES CTR mode by8 optimization enabled
[    1.957754] Fusion MPT SPI Host driver 3.04.20
[    2.156480] input: ImExPS/2 Generic Explorer Mouse as /devices/platform/i8042/serio1/input/input4
[    2.404641] e1000 0000:00:03.0 eth0: (PCI:33MHz:32-bit) 02:be:82:6b:cc:1d
[    2.408226] e1000 0000:00:03.0 eth0: Intel(R) PRO/1000 Network Connection
[    3.010779] e1000 0000:00:08.0 eth1: (PCI:33MHz:32-bit) 08:00:27:4a:84:c0
[    3.013770] e1000 0000:00:08.0 eth1: Intel(R) PRO/1000 Network Connection
[    3.017275] e1000 0000:00:03.0 enp0s3: renamed from eth0
[    3.021978] mptbase: ioc0: Initiating bringup
[    3.040774] e1000 0000:00:08.0 enp0s8: renamed from eth1
[    3.094162] ioc0: LSI53C1030 A0: Capabilities={Initiator}
[    3.260733] scsi host2: ioc0: LSI53C1030 A0, FwRev=00000000h, Ports=1, MaxQ=256, IRQ=20
[    3.377446] scsi 2:0:0:0: Direct-Access     VBOX     HARDDISK         1.0  PQ: 0 ANSI: 5
[    3.381815] scsi target2:0:0: Beginning Domain Validation
[    3.385614] scsi target2:0:0: Domain Validation skipping write tests
[    3.393518] scsi target2:0:0: Ending Domain Validation
[    3.396349] scsi target2:0:0: asynchronous
[    3.399230] scsi 2:0:1:0: Direct-Access     VBOX     HARDDISK         1.0  PQ: 0 ANSI: 5
[    3.414721] scsi target2:0:1: Beginning Domain Validation
[    3.418177] scsi target2:0:1: Domain Validation skipping write tests
[    3.420243] scsi target2:0:1: Ending Domain Validation
[    3.430179] scsi target2:0:1: asynchronous
[    3.439225] sd 2:0:0:0: [sda] 83886080 512-byte logical blocks: (42.9 GB/40.0 GiB)
[    3.442025] sd 2:0:0:0: Attached scsi generic sg0 type 0
[    3.444113] sd 2:0:0:0: [sda] Write Protect is off
[    3.445705] sd 2:0:1:0: [sdb] 20480 512-byte logical blocks: (10.5 MB/10.0 MiB)
[    3.448527] sd 2:0:0:0: [sda] Incomplete mode parameter data
[    3.448595] sd 2:0:1:0: Attached scsi generic sg1 type 0
[    3.448712] sd 2:0:1:0: [sdb] Write Protect is off
[    3.448881] sd 2:0:1:0: [sdb] Incomplete mode parameter data
[    3.448882] sd 2:0:1:0: [sdb] Assuming drive cache: write through
[    3.452790] sd 2:0:1:0: [sdb] Attached SCSI disk
[    3.465507] sd 2:0:0:0: [sda] Assuming drive cache: write through
[    3.470344]  sda: sda1
[    3.472981] sd 2:0:0:0: [sda] Attached SCSI disk
Begin: Loading essential drivers ... [    4.935164] md: linear personality registered for level -1
[    4.943016] md: multipath personality registered for level -4
[    4.950182] md: raid0 personality registered for level 0
[    4.959137] md: raid1 personality registered for level 1
[    5.047001] raid6: sse2x1   gen()  5798 MB/s
[    5.126837] raid6: sse2x1   xor()   914 MB/s
[    5.194719] raid6: sse2x2   gen()  9524 MB/s
[    5.262837] raid6: sse2x2   xor()  6713 MB/s
[    5.330794] raid6: sse2x4   gen() 11282 MB/s
[    5.398755] raid6: sse2x4   xor()  7570 MB/s
[    5.467184] raid6: avx2x1   gen() 14111 MB/s
[    5.534785] raid6: avx2x2   gen() 17126 MB/s
[    5.602748] raid6: avx2x4   gen() 19705 MB/s
[    5.604421] raid6: using algorithm avx2x4 gen() 19705 MB/s
[    5.607203] raid6: using avx2x2 recovery algorithm
[    5.610606] xor: automatically using best checksumming function:
[    5.650690]    avx       : 18902.000 MB/sec
[    5.657418] async_tx: api initialized (async)
[    5.672873] md: raid6 personality registered for level 6
[    5.674694] md: raid5 personality registered for level 5
[    5.677103] md: raid4 personality registered for level 4
[    5.685983] md: raid10 personality registered for level 10
done.
Begin: Running /scripts/init-premount ... done.
Begin: Mounting root file system ... Begin: Running /scripts/local-top ... done.
Begin: Running /scripts/local-premount ... [    5.734750] Btrfs loaded
Scanning for Btrfs filesystems
done.
Warning: fsck not present, so skipping root file system
[    5.782132] EXT4-fs (sda1): mounted filesystem with ordered data mode. Opts: (null)
done.
Begin: Running /scripts/local-bottom ... done.
Begin: Running /scripts/init-bottom ... done.
[    6.006628] systemd[1]: systemd 229 running in system mode. (+PAM +AUDIT +SELINUX +IMA +APPARMOR +SMACK +SYSVINIT +UTMP +LIBCRYPTSETUP +GCRYPT +GNUTLS +ACL +XZ -LZ4 +SECCOMP +BLKID +ELFUTILS +KMOD -IDN)
[    6.021259] systemd[1]: Detected virtualization oracle.
[    6.025673] systemd[1]: Detected architecture x86-64.

Welcome to [1mUbuntu 16.04.7 LTS[0m!

[    6.035679] systemd[1]: Set hostname to <ubuntu>.
[    6.046845] systemd[1]: Initializing machine ID from random generator.
[    6.049667] systemd[1]: Installed transient /etc/machine-id file.
[    6.502026] systemd[1]: Reached target Swap.
[[0;32m  OK  [0m] Reached target Swap.
[    6.507996] systemd[1]: Created slice System Slice.
[[0;32m  OK  [0m] Created slice System Slice.
[    6.520625] systemd[1]: Listening on Journal Socket (/dev/log).
[[0;32m  OK  [0m] Listening on Journal Socket (/dev/log).
[    6.533388] systemd[1]: Listening on udev Kernel Socket.
[[0;32m  OK  [0m] Listening on udev Kernel Socket.
[    6.541482] systemd[1]: Started Trigger resolvconf update for networkd DNS.
[[0;32m  OK  [0m] Started Trigger resolvconf update for networkd DNS.
[    6.550048] systemd[1]: Listening on udev Control Socket.
[[0;32m  OK  [0m] Listening on udev Control Socket.
[    6.579945] systemd[1]: Listening on LVM2 metadata daemon socket.
[[0;32m  OK  [0m] Listening on LVM2 metadata daemon socket.
[    6.783047] systemd[1]: Created slice User and Session Slice.
[[0;32m  OK  [0m] Created slice User and Session Slice.
[    6.826463] systemd[1]: Reached target Slices.
[[0;32m  OK  [0m] Reached target Slices.
[    6.843510] systemd[1]: Reached target Encrypted Volumes.
[[0;32m  OK  [0m] Reached target Encrypted Volumes.
[    6.899001] systemd[1]: Listening on Syslog Socket.
[[0;32m  OK  [0m] Listening on Syslog Socket.
[    6.901867] systemd[1]: Listening on /dev/initctl Compatibility Named Pipe.
[[0;32m  OK  [0m] Listening on /dev/initctl Compatibility Named Pipe.
[    6.915810] systemd[1]: Listening on Journal Socket.
[[0;32m  OK  [0m] Listening on Journal Socket.
[    6.939065] systemd[1]: Mounting Debug File System...
         Mounting Debug File System...
[    6.948922] systemd[1]: Mounting POSIX Message Queue File System...
         Mounting POSIX Message Queue File System...
[    6.957676] systemd[1]: Starting Load Kernel Modules...
         Starting Load Kernel Modules...
[    6.968759] systemd[1]: Starting Create list of required static device nodes for the current kernel...
[    6.996794] Loading iSCSI transport class v2.0-870.
         Starting Create list of required st... nodes for the current kernel...
[    7.004611] systemd[1]: Starting Nameserver information manager...
         Starting Nameserver information manager...
[    7.012513] systemd[1]: Starting Uncomplicated firewall...
[    7.015384] iscsi: registered transport (tcp)
         Starting Uncomplicated firewall...
[    7.018639] systemd[1]: Listening on fsck to fsckd communication Socket.
[[0;32m  OK  [0m] Listening on fsck to fsckd communication Socket.
[    7.027366] systemd[1]: Listening on LVM2 poll daemon socket.
[[0;32m  OK  [0m] Listening on LVM2 poll daemon socket.
[    7.032744] systemd[1]: Mounting Huge Pages File System...
         Mounting Huge Pages File System...
[    7.038894] systemd[1]: Listening on Device-mapper event daemon FIFOs.
[[0;32m  OK  [0m] Listening on Device-mapper event daemon FIFOs.
[    7.043455] systemd[1]: Starting Monitoring of LVM2 mirrors, snapshots etc. using dmeventd or progress polling...
         Starting Monitoring of LVM2 mirrors... dmeventd or progress polling...
[    7.052414] systemd[1]: Starting File System Check on Root Device...
         Starting File System Check on Root Device...
[    7.066486] systemd[1]: Set up automount Arbitrary Executable File Formats File System Automount Point.
[[0;32m  OK  [0m] Set up automount Arbitrary Executab...ats File System Automount Point.
[    7.078991] systemd[1]: Listening on Journal Audit Socket.
[[0;32m  OK  [0m] Listening on Journal Audit Socket.
[    7.091270] systemd[1]: Starting Journal Service...
         Starting Journal Service...
[    7.096287] systemd[1]: Created slice system-serial\x2dgetty.slice.
[    7.109333] random: nonblocking pool is initialized
[[0;32m  OK  [0m] Created slice system-serial\x2dgetty.slice.
[    7.113217] systemd[1]: Started Forward Password Requests to Wall Directory Watch.
[    7.116414] iscsi: registered transport (iser)
[[0;32m  OK  [0m] Started Forward Password Requests to Wall Directory Watch.
[    7.120731] systemd[1]: Reached target System Time Synchronized.
[[0;32m  OK  [0m] Reached target System Time Synchronized.
[    7.148004] systemd[1]: Starting Set console keymap...
         Starting Set console keymap...
[    7.167009] systemd[1]: Reached target User and Group Name Lookups.
[[0;32m  OK  [0m] Reached target User and Group Name Lookups.
[    7.199860] systemd[1]: Mounted Huge Pages File System.
[[0;32m  OK  [0m] Mounted Huge Pages File System.
[    7.206885] systemd[1]: Mounted POSIX Message Queue File System.
[[0;32m  OK  [0m] Mounted POSIX Message Queue File System.
[    7.250853] systemd[1]: Mounted Debug File System.
[[0;32m  OK  [0m] Mounted Debug File System.
[    7.292323] systemd[1]: Started Journal Service.
[[0;32m  OK  [0m] Started Journal Service.
[[0;32m  OK  [0m] Started Load Kernel Modules.
[[0;32m  OK  [0m] Started Create list of required sta...ce nodes for the current kernel.
[[0;32m  OK  [0m] Started Uncomplicated firewall.
[[0;32m  OK  [0m] Started File System Check on Root Device.
[[0;32m  OK  [0m] Started Set console keymap.
[[0;32m  OK  [0m] Started Nameserver information manager.
[[0;32m  OK  [0m] Started File System Check Daemon to report status.
[[0;32m  OK  [0m] Started LVM2 metadata daemon.
         Starting Remount Root and Kernel File Systems...
         Starting Create Static Device Nodes in /dev...
         Starting Apply Kernel Variables...
         Mounting FUSE Control File System...
[[0;32m  OK  [0m] Mounted FUSE Control File System.
[    7.392530] EXT4-fs (sda1): re-mounted. Opts: (null)
[[0;32m  OK  [0m] Started Remount Root and Kernel File Systems.
         Starting Load/Save Random Seed...
         Starting udev Coldplug all Devices...
         Starting Flush Journal to Persistent Storage...
[[0;32m  OK  [0m] Started Apply Kernel Variables.
[[0;32m  OK  [0m] Started Load/Save Random Seed.
[[0;32m  OK  [0m] Started Flush Journal to Persistent Storage.
[[0;32m  OK  [0m] Started Create Static Device Nodes in /dev.
         Starting udev Kernel Device Manager...
[[0;32m  OK  [0m] Started udev Kernel Device Manager.
[[0;32m  OK  [0m] Started Monitoring of LVM2 mirrors,...ng dmeventd or progress polling.
[[0;32m  OK  [0m] Reached target Local File Systems (Pre).
[[0;32m  OK  [0m] Reached target Local File Systems.
         Starting Initial cloud-init job (pre-networking)...
         Starting Create Volatile Files and Directories...
         Starting Set console font and keymap...
         Starting Commit a transient machine-id on disk...
         Starting Tell Plymouth To Write Out Runtime Data...
         Starting LSB: AppArmor initialization...
[[0;32m  OK  [0m] Started udev Coldplug all Devices.
[[0;32m  OK  [0m] Started Create Volatile Files and Directories.
[[0;32m  OK  [0m] Started Tell Plymouth To Write Out Runtime Data.
[[0;32m  OK  [0m] Started Commit a transient machine-id on disk.
         Starting Update UTMP about System Boot/Shutdown...
[[0;32m  OK  [0m] Started Dispatch Password Requests to Console Directory Watch.
[[0;32m  OK  [0m] Started Update UTMP about System Boot/Shutdown.
[[0;32m  OK  [0m] Found device /dev/ttyS0.
[[0;32m  OK  [0m] Listening on Load/Save RF Kill Switch Status /dev/rfkill Watch.
[[0;32m  OK  [0m] Started Set console font and keymap.
[[0;32m  OK  [0m] Started LSB: AppArmor initialization.
         Starting Load AppArmor profiles managed internally by snapd...
[[0;32m  OK  [0m] Created slice system-getty.slice.
[[0;32m  OK  [0m] Started Load AppArmor profiles managed internally by snapd.
[    9.986913] cloud-init[481]: Cloud-init v. 21.1-19-gbad84ad4-0ubuntu1~16.04.2 running 'init-local' at Fri, 28 Oct 2022 13:34:17 +0000. Up 9.40 seconds.
[[0;32m  OK  [0m] Started Initial cloud-init job (pre-networking).
[[0;32m  OK  [0m] Reached target Network (Pre).
         Starting Raise network interfaces...
[[0;32m  OK  [0m] Started Raise network interfaces.
[[0;32m  OK  [0m] Reached target Network.
         Starting Initial cloud-init job (metadata service crawler)...
[   11.762874] cloud-init[945]: Cloud-init v. 21.1-19-gbad84ad4-0ubuntu1~16.04.2 running 'init' at Fri, 28 Oct 2022 13:34:18 +0000. Up 10.77 seconds.
[   11.765841] cloud-init[945]: ci-info: ++++++++++++++++++++++++++++++++++++++Net device info+++++++++++++++++++++++++++++++++++++++
[   11.768558] cloud-init[945]: ci-info: +--------+-------+----------------------------+---------------+--------+-------------------+
[   11.771713] cloud-init[945]: ci-info: | Device |   Up  |          Address           |      Mask     | Scope  |     Hw-Address    |
[   11.779513] cloud-init[945]: ci-info: +--------+-------+----------------------------+---------------+--------+-------------------+
[   11.789325] cloud-init[945]: ci-info: | enp0s3 |  True |         10.0.2.15          | 255.255.255.0 | global | 02:be:82:6b:cc:1d |
[   11.792606] cloud-init[945]: ci-info: | enp0s3 |  True | fe80::be:82ff:fe6b:cc1d/64 |       .       |  link  | 02:be:82:6b:cc:1d |
[   11.804811] cloud-init[945]: ci-info: | enp0s8 | False |             .              |       .       |   .    | 08:00:27:4a:84:c0 |
[   11.812145] cloud-init[945]: ci-info: |   lo   |  True |         127.0.0.1          |   255.0.0.0   |  host  |         .         |
[   11.816594] cloud-init[945]: ci-info: |   lo   |  True |          ::1/128           |       .       |  host  |         .         |
[   11.821010] cloud-init[945]: ci-info: +--------+-------+----------------------------+---------------+--------+-------------------+
[   11.827971] cloud-init[945]: ci-info: +++++++++++++++++++++++++++Route IPv4 info++++++++++++++++++++++++++++
[   11.832975] cloud-init[945]: ci-info: +-------+-------------+----------+---------------+-----------+-------+
[   11.838541] cloud-init[945]: ci-info: | Route | Destination | Gateway  |    Genmask    | Interface | Flags |
[   11.845623] cloud-init[945]: ci-info: +-------+-------------+----------+---------------+-----------+-------+
[   11.851191] cloud-init[945]: ci-info: |   0   |   0.0.0.0   | 10.0.2.2 |    0.0.0.0    |   enp0s3  |   UG  |
[   11.856440] cloud-init[945]: ci-info: |   1   |   10.0.2.0  | 0.0.0.0  | 255.255.255.0 |   enp0s3  |   U   |
[   11.859928] cloud-init[945]: ci-info: +-------+-------------+----------+---------------+-----------+-------+
[   11.865887] cloud-init[945]: ci-info: +++++++++++++++++++Route IPv6 info+++++++++++++++++++
[   11.879824] cloud-init[945]: ci-info: +-------+-------------+---------+-----------+-------+
[   11.886395] cloud-init[945]: ci-info: | Route | Destination | Gateway | Interface | Flags |
[   11.897034] cloud-init[945]: ci-info: +-------+-------------+---------+-----------+-------+
[   11.901296] cloud-init[945]: ci-info: |   0   |  fe80::/64  |    ::   |   enp0s3  |   U   |
[   11.906615] cloud-init[945]: ci-info: |   3   |   ff00::/8  |    ::   |   enp0s3  |   U   |
[   11.914274] cloud-init[945]: ci-info: +-------+-------------+---------+-----------+-------+
[   11.922049] cloud-init[945]: Generating public/private rsa key pair.
[   11.929023] cloud-init[945]: Your identification has been saved in /etc/ssh/ssh_host_rsa_key.
[   11.934506] cloud-init[945]: Your public key has been saved in /etc/ssh/ssh_host_rsa_key.pub.
[   11.939110] cloud-init[945]: The key fingerprint is:
[[0;32m  OK  [0m] [   11.943949] cloud-init[945]: SHA256:uPDwOAucm/unzGulXu2yaz4ssyUDeM09fD/+QG/L5a0 root@ubuntu-xenial
Started Initial cloud-init job (metadata service crawler).
[   11.945610] cloud-init[945]: The key's randomart image is:
[   11.954071] cloud-init[945]: +---[RSA 2048]----+
[[   11.956533] [0;32m  OK  [0mcloud-init] [945]: Reached target System Initialization.|                 |

[   11.957446] cloud-init[945]: |                 |
[   11.962439] cloud-init[945]: |                 |
[   11.964386] cloud-init[945]: | . o o .         |
[   11.964731] cloud-init[945]: |. o = = S .      |
[   11.965648] cloud-init[945]: | o o *.= o .     |
[   11.966969] cloud-init[945]: |  + =+* . + o .  |
[   11.967839] cloud-init[945]: |   *=B*. . = + . |
[   11.969455] cloud-init[945]: |  +=XX+=. ..+ E..|
[   11.970898] cloud-init[945]: +----[SHA256]-----+
[[0;32m  OK  [0m] Started ACPI Events Check.
[   11.971716] cloud-init[945]: Generating public/private dsa key pair.
[[0;32m  OK  [0m] Reached target Paths.
[   11.981006] cloud-init[945]: Your identification has been saved in /etc/ssh/ssh_host_dsa_key.
[   11.986698] cloud-init[945]: Your public key has been saved in /etc/ssh/ssh_host_dsa_key.pub.
[   11.987052] cloud-init[945]: The key fingerprint is:
[   11.988551] cloud-init[945]: SHA256:Yq76JpDssRQgbeMotmeNE3YahS9Q0Oc/NcYqNL/yl3o root@ubuntu-xenial
[[0;32m  OK  [0m] Listening on D-Bus System Message Bus Socket.
[   11.989600] cloud-init[945]: The key's randomart image is:
[   11.997928] cloud-init[945]: +---[DSA 1024]----+
[   11.998344] cloud-init[945]: | o+..            |
[   11.999393] cloud-init[945]: |o.+o o           |
[   12.000187] cloud-init[945]: |o+..=   .        |
[   12.001474] cloud-init[945]: |oo.= *   =       |
[   12.002574] cloud-init[945]: |+.+ X * S .      |
[   12.003622] cloud-init[945]: |o= * = *         |
[   12.005070] cloud-init[945]: |o.= . o o .      |
[   12.012252] cloud-init[945]: | o. .o . E       |
[   12.013456] cloud-init[945]: |  .=o oo+        |
         [   12.014884] Starting LXD - unix socket.cloud-init
[945]: +----[SHA256]-----+
[   12.020141] cloud-init[945]: Generating public/private ecdsa key pair.
[   12.020451] cloud-init[945]: Your identification has been saved in /etc/ssh/ssh_host_ecdsa_key.
[[0;32m  OK  [0m] Started Daily apt download activities.
[[0;32m  OK  [0m] Listening on UUID daemon activation socket.
[   12.021581] cloud-init[945]: Your public key has been saved in /etc/ssh/ssh_host_ecdsa_key.pub.
         Starting Socket activation for snappy daemon.[   12.046881] cloud-init[945]: The key fingerprint is:

[   12.050443] cloud-init[945]: SHA256:RQRpnkKTbjLff0p1ML+AcKfEAu2nnA9zLFik4X2IaKI root@ubuntu-xenial
[[0;32m  OK  [0m] Started Message of the Day.
[[   12.057115] cloud-init[945]: The key's randomart image is:
[   12.062027] cloud-init[945]: +---[ECDSA 256]---+
[0;32m  OK  [0m] Started Daily apt upgrade and clean activities.
[   12.062679] cloud-init[945]: |      .o.+o      |
[   12.066554] cloud-init[945]: |      =.=o       |
[   12.066960] cloud-init[945]: |     = @oo= +    |
[   12.067039] cloud-init[945]: |  . = B B*o+ +   |
[   12.067216] cloud-init[945]: | . o = *S*o o o  |
[[0;32m  OK  [0m] Started Daily Cleanup of Temporary Directories.
[[0;32m  OK  [0m] Started Ubuntu Advantage update messaging.
[   12.067431] cloud-init[945]: |E     o O o. o . |
[   12.080533] cloud-init[945]: |         B.   .  |
[   12.081287] cloud-init[945]: |         .o .    |
[[0;32m  OK  [0m] Reached target Timers.
[[   12.081930] cloud-init[945]: |          .o     |
[   12.093392] cloud-init[945]: +----[SHA256]-----+
[0;32m  OK  [0m] Listening on ACPID Listen Socket.
[[   12.093898] cloud-init[945]: Generating public/private ed25519 key pair.
[   12.105136] cloud-init[945]: Your identification has been saved in /etc/ssh/ssh_host_ed25519_key.
[   12.105227] cloud-init[945]: Your public key has been saved in /etc/ssh/ssh_host_ed25519_key.pub.
[0;32m  OK  [0m] Reached target Cloud-config availability.
[   12.105940] cloud-init[945]: The key fingerprint is:
[   12.117155] cloud-init[945]: SHA256:pGBIKQCjoqFZddIcyvCn4tmxfaizrjN6Egfr3pFIoD4 root@ubuntu-xenial
[[0;32m  OK  [0m] Reached target Network is Online.
[   12.117725] cloud-init[945]: The key's randomart image is:
[   12.125760] cloud-init[945]: +--[ED25519 256]--+
[   12.132545] cloud-init[945]: |* o.ooo.         |
[   12.134686] cloud-init[945]: |oo.* +o          |
[   12.137153] cloud-init[945]: |=.o * . .        |         
Starting iSCSI initiator daemon (iscsid)...
[   12.140544] cloud-init[945]: |B+ . + o         |
[   12.150931] cloud-init[945]: |=+. o . S        |
[   12.151890] [[0;32m  OK  [0mcloud-init[945]: |=.o+.+ .         |
[   12.153557] cloud-init[945]: |.Eooo o .        |
[   12.154889] cloud-init[945]: |..* o. .         |
[   12.155616] ] Listening on LXD - unix socket.
cloud-init[945]: |o=.*+o           |
[   12.157495] cloud-init[945]: +----[SHA256]-----+
[[0;32m  OK  [0m] Listening on Socket activation for snappy daemon.
[[0;32m  OK  [0m] Reached target Sockets.
[[0;32m  OK  [0m] Reached target Basic System.
         Starting LSB: Record successful boot for GRUB...
         Starting System Logging Service...
         Starting /etc/rc.local Compatibility...
         Starting Accounts Service...
[[0;32m  OK  [0m] Started FUSE filesystem for LXC.
         Starting Pollinate to seed the pseudo random number generator...
         Starting Login Service...
         Starting Snap Daemon...
[[0;32m  OK  [0m] Started Deferred execution scheduler.
         Starting LSB: MD monitoring daemon...
[[0;32m  OK  [0m] Started Regular background program processing daemon.
[[0;32m  OK  [0m] Started D-Bus System Message Bus.
         Starting Virtualbox guest utils...
[[0;32m  OK  [0m] Started ACPI event daemon.
         Starting LXD - container startup/shutdown...
[[0;32m  OK  [0m] Started System Logging Service.
[[0;32m  OK  [0m] Started iSCSI initiator daemon (iscsid).
[[0;32m  OK  [0m] Started /etc/rc.local Compatibility.
[[0;32m  OK  [0m] Started Login Service.
[[0;32m  OK  [0m] Started Unattended Upgrades Shutdown.
         Starting Authenticate and Authorize Users to Run Privileged Tasks...
         Starting Login to default iSCSI targets...
[[0;32m  OK  [0m] Started LSB: Record successful boot for GRUB.
[[0;32m  OK  [0m] Started LSB: MD monitoring daemon.
[[0;32m  OK  [0m] Started Login to default iSCSI targets.
[[0;32m  OK  [0m] Reached target Remote File Systems (Pre).
[[0;32m  OK  [0m] Reached target Remote File Systems.
         Starting LSB: daemon to balance interrupts for SMP systems...
         Starting LSB: Set the CPU Frequency Scaling governor to "ondemand"...
         Starting Permit User Sessions...
         Starting LSB: automatic crash report generation...
[[0;32m  OK  [0m] Started Permit User Sessions.
         Starting Terminate Plymouth Boot Screen...
         Starting Hold until boot process finishes up...
[[0;32m  OK  [0m] Started Terminate Plymouth Boot Screen.
[[0;32m  OK  [0m] Started Authenticate and Authorize Users to Run Privileged Tasks.
[[0;32m  OK  [0m] Started Accounts Service.
[[0;32m  OK  [0m] Started Hold until boot process finishes up.
         Starting Set console scheme...
[[0;32m  OK  [0m] Started Getty on tty1.
[[0;32m  OK  [0m] Started Serial Getty on ttyS0.
[[0;32m  OK  [0m] Reached target Login Prompts.
[[0;32m  OK  [0m] Started LSB: daemon to balance interrupts for SMP systems.
[[0;32m  OK  [0m] Started LSB: Set the CPU Frequency Scaling governor to "ondemand".
[[0;32m  OK  [0m] Started Set console scheme.
[[0;32m  OK  [0m] Started LSB: automatic crash report generation.
[[0;32m  OK  [0m] Started LXD - container startup/shutdown.
[[0;32m  OK  [0m] Started Virtualbox guest utils.
[[0;32m  OK  [0m] Started Snap Daemon.
         Starting Wait until snapd is fully seeded...

Ubuntu 16.04.7 LTS ubuntu-xenial ttyS0

ubuntu-xenial login: [   19.777681] cloud-init[1321]: Generating locales (this might take a while)...
[   22.100971] cloud-init[1321]:   en_US.UTF-8... done
[   22.109966] cloud-init[1321]: Generation complete.
[   23.066845] cloud-init[1321]: Cloud-init v. 21.1-19-gbad84ad4-0ubuntu1~16.04.2 running 'modules:config' at Fri, 28 Oct 2022 13:34:27 +0000. Up 19.56 seconds.
ci-info: no authorized SSH keys fingerprints found for user ubuntu.
<14>Oct 28 13:34:32 ec2: 
<14>Oct 28 13:34:32 ec2: #############################################################
<14>Oct 28 13:34:32 ec2: -----BEGIN SSH HOST KEY FINGERPRINTS-----
<14>Oct 28 13:34:32 ec2: 1024 SHA256:Yq76JpDssRQgbeMotmeNE3YahS9Q0Oc/NcYqNL/yl3o root@ubuntu-xenial (DSA)
<14>Oct 28 13:34:32 ec2: 256 SHA256:RQRpnkKTbjLff0p1ML+AcKfEAu2nnA9zLFik4X2IaKI root@ubuntu-xenial (ECDSA)
<14>Oct 28 13:34:32 ec2: 256 SHA256:pGBIKQCjoqFZddIcyvCn4tmxfaizrjN6Egfr3pFIoD4 root@ubuntu-xenial (ED25519)
<14>Oct 28 13:34:32 ec2: 2048 SHA256:uPDwOAucm/unzGulXu2yaz4ssyUDeM09fD/+QG/L5a0 root@ubuntu-xenial (RSA)
<14>Oct 28 13:34:32 ec2: -----END SSH HOST KEY FINGERPRINTS-----
<14>Oct 28 13:34:32 ec2: #############################################################
-----BEGIN SSH HOST KEY KEYS-----
ecdsa-sha2-nistp256 AAAAE2VjZHNhLXNoYTItbmlzdHAyNTYAAAAIbmlzdHAyNTYAAABBBNyYpYqmJSUtwOn0i/hoUrB1ml4pDudEHdXXjh/tUbvcldpmj5gea2+mK13biqclaolJZ0IPXYduOxfGoWdLvX8= root@ubuntu-xenial
ssh-ed25519 AAAAC3NzaC1lZDI1NTE5AAAAIF7d4YPCV75uFUMWPrYZWOM6f5Q6P1rGOJZvcMbAxnWG root@ubuntu-xenial
ssh-rsa AAAAB3NzaC1yc2EAAAADAQABAAABAQDRUNtW3sayeOPJKYBtwxc4w1UzAzm8GM8dqkXdojhPW28z3BYmAea1/cKES1oZHr4SQbt3uB5GHa4/DJ9hiT20znq5w/DPdU5s2A2HJAOJH2tpgi/wqkxSfFc2btk59AN27zUcGLXHM+8wIoJO9JcKYyZrjo2AY5D/2OOKUbm/Y4tWS8QkH8ah7ttTTMfK5Wkls28MO25OrA0WfYb5tf+OxXFJup3MNW48gdQ9nJYpHm0tfLfP2co/Zz0bBwottP3affDdFummmVI2sgkI+l/0lP+vmNKIE77u7ob4PbiQkGwDEjJON9D9h8LgsJdfD5HNj1yQEQsktId0ZUbG3gmR root@ubuntu-xenial
-----END SSH HOST KEY KEYS-----
[   24.269365] cloud-init[1556]: Cloud-init v. 21.1-19-gbad84ad4-0ubuntu1~16.04.2 running 'modules:final' at Fri, 28 Oct 2022 13:34:31 +0000. Up 23.74 seconds.
[   24.269634] cloud-init[1556]: ci-info: no authorized SSH keys fingerprints found for user ubuntu.
[   24.271063] cloud-init[1556]: Cloud-init v. 21.1-19-gbad84ad4-0ubuntu1~16.04.2 finished at Fri, 28 Oct 2022 13:34:32 +0000. Datasource DataSourceNoCloud [seed=/dev/sdb][dsmode=net].  Up 24.24 seconds
[[0;32m  OK  [0m] Stopped Unattended Upgrades Shutdown.
         Stopping ACPI event daemon...
[[0;32m  OK  [0m] Closed Load/Save RF Kill Switch Status /dev/rfkill Watch.
[[0;32m  OK  [0m] Stopped target Timers.
[[0;32m  OK  [0m] Stopped Daily Cleanup of Temporary Directories.
[[0;32m  OK  [0m] Stopped Ubuntu Advantage update messaging.
         Stopping Session 3 of user vagrant.
         Stopping User Manager for UID 1000...
[[0;32m  OK  [0m] Stopped target Cloud-init target.
[[0;32m  OK  [0m] Stopped Execute cloud user/final scripts.
[[0;32m  OK  [0m] Stopped Apply the settings specified in cloud-config.
[[0;32m  OK  [0m] Stopped target Cloud-config availability.
[[0;32m  OK  [0m] Stopped Message of the Day.
[[0;32m  OK  [0m] Stopped Daily apt upgrade and clean activities.
[[0;32m  OK  [0m] Stopped Daily apt download activities.
[[0;32m  OK  [0m] Stopped target System Time Synchronized.
         Stopping Authenticate and Authorize Users to Run Privileged Tasks...
[[0;32m  OK  [0m] Stopped target Graphical Interface.
[[0;32m  OK  [0m] Stopped target Multi-User System.
         Stopping LXD - container startup/shutdown...
         Stopping OpenBSD Secure Shell se[[0;32m  OK  [0m] Stopped Wait until snapd is fully seeded.
         Stopping Deferred execution scheduler...
         Stopping A high performance web server and a reverse proxy server...
         Stopping System Logging Service...
         Stopping Regular background program processing daemon...
         Stopping D-Bus System Message Bus...
         Stopping LSB: Set the CPU Frequency Scaling governor to "ondemand"...
         Stopping Accounts Service...
         Stopping LSB: Record successful boot for GRUB...
         Stopping vboxadd-service.service...
         Stopping LSB: MD monitoring daemon...
         Stopping LSB: daemon to balance interrupts for SMP systems...
         Stopping LSB: automatic crash report generation...
         Stopping FUSE filesystem for LXC...
[[0;32m  OK  [0m] Unmounted /var/lib/lxcfs.
[[0;32m  OK  [0m] Stopped System Logging Service.
[[0;32m  OK  [0m] Stopped Accounts Service.
[[0;32m  OK  [0m] Stopped Deferred execution scheduler.
[[0;32m  OK  [0m] Stopped Regular background program processing daemon.
[[0;32m  OK  [0m] Stopped ACPI event daemon.
[[0;32m  OK  [0m] Stopped Authenticate and Authorize Users to Run Privileged Tasks.
[[0;32m  OK  [0m] Stopped Getty on tty1.
[[0;32m  OK  [0m] Stopped Serial Getty on ttyS0.
[[0;32m  OK  [0m] Stopped OpenBSD Secure Shell server.
[[0;32m  OK  [0m] Stopped User Manager for UID 1000.
[[0;32m  OK  [0m] Stopped Session 3 of user vagrant.
[[0;32m  OK  [0m] Stopped A high performance web server and a reverse proxy server.
[[0;32m  OK  [0m] Stopped D-Bus System Message Bus.
[[0;32m  OK  [0m] Stopped FUSE filesystem for LXC.
[[0;32m  OK  [0m] Stopped vboxadd-service.service.
[[0;32m  OK  [0m] Stopped LXD - container startup/shutdown.
[[0;32m  OK  [0m] Stopped LSB: Set the CPU Frequency Scaling governor to "ondemand".
[[0;32m  OK  [0m] Stopped LSB: Record successful boot for GRUB.
[[0;32m  OK  [0m] Stopped LSB: daemon to balance interrupts for SMP systems.
[[0;32m  OK  [0m] Stopped LSB: MD monitoring daemon.
[[0;32m  OK  [0m] Stopped LSB: automatic crash report generation.
         Stopping vboxadd.service...
[[0;32m  OK  [0m] Removed slice User Slice of vagrant.
         Stopping Login Service...
[[0;32m  OK  [0m] Removed slice system-serial\x2dgetty.slice.
[[0;32m  OK  [0m] Stopped /etc/rc.local Compatibility.
         Stopping Permit User Sessions...
[[0;32m  OK  [0m] Removed slice system-getty.slice.
[[0;32m  OK  [0m] Stopped Permit User Sessions.
[[0;32m  OK  [0m] Stopped target Remote File Systems.
         Unmounting /vagrant...
[[0;32m  OK  [0m] Unmounted /vagrant.
[[0;32m  OK  [0m] Stopped target Remote File Systems (Pre).
         Stopping Login to default iSCSI targets...
[[0;32m  OK  [0m] Stopped Login Service.
[[0;32m  OK  [0m] Stopped vboxadd.service.
[[0;32m  OK  [0m] Stopped target User and Group Name Lookups.
[[0;32m  OK  [0m] Stopped target Basic System.
[[0;32m  OK  [0m] Stopped target Slices.
[[0;32m  OK  [0m] Removed slice User and Session Slice.
[[0;32m  OK  [0m] Stopped target Paths.
[[0;32m  OK  [0m] Stopped Forward Password Requests to Wall Directory Watch.
[[0;32m  OK  [0m] Stopped ACPI Events Check.
[[0;32m  OK  [0m] Stopped Dispatch Password Requests to Console Directory Watch.
[[0;32m  OK  [0m] Stopped target Sockets.
[[0;32m  OK  [0m] Closed UUID daemon activation socket.
[[0;32m  OK  [0m] Closed ACPID Listen Socket.
[[0;32m  OK  [0m] Closed Syslog Socket.
[[0;32m  OK  [0m] Closed Socket activation for snappy daemon.
[[0;32m  OK  [0m] Closed D-Bus System Message Bus Socket.
[[0;32m  OK  [0m] Closed LXD - unix socket.
[[0;32m  OK  [0m] Stopped target System Initialization.
         Stopping Update UTMP about System Boot/Shutdown...
[[0;32m  OK  [0m] Stopped target Encrypted Volumes.
[[0;32m  OK  [0m] Stopped Commit a transient machine-id on disk.
         Stopping Load/Save Random Seed...
[[0;32m  OK  [0m] Stopped target Swap.
[[0;32m  OK  [0m] Stopped Load/Save Random Seed.
[[0;32m  OK  [0m] Stopped Update UTMP about System Boot/Shutdown.
[[0;32m  OK  [0m] Stopped Create Volatile Files and Directories.
[[0;32m  OK  [0m] Stopped Login to default iSCSI targets.
         Stopping iSCSI initiator daemon (iscsid)...
[[0;32m  OK  [0m] Stopped iSCSI initiator daemon (iscsid).
[[0;32m  OK  [0m] Stopped target Network is Online.
[[0;32m  OK  [0m] Stopped Initial cloud-init job (metadata service crawler).
[[0;32m  OK  [0m] Stopped target Network.
         Stopping Raise network interfaces...
[[0;32m  OK  [0m] Stopped Raise network interfaces.
[[0;32m  OK  [0m] Stopped Apply Kernel Variables.
[[0;32m  OK  [0m] Stopped target Local File Systems.
         Unmounting /run/user/1000...
[[0;32m  OK  [0m] Stopped Load Kernel Modules.
[[0;32m  OK  [0m] Stopped target Network (Pre).
[[0;32m  OK  [0m] Stopped Initial cloud-init job (pre-networking).
[[0;32m  OK  [0m] Unmounted /run/user/1000.
[[0;32m  OK  [0m] Reached target Unmount All Filesystems.
[[0;32m  OK  [0m] Stopped target Local File Systems (Pre).
[[0;32m  OK  [0m] Stopped Create Static Device Nodes in /dev.
[[0;32m  OK  [0m] Stopped Remount Root and Kernel File Systems.
[[0;32m  OK  [0m] Reached target Shutdown.
[ 1149.660565] reboot: Power down
